../Core/Src/main.c:26:5:main	16	static
../Core/Src/main.c:68:6:vSenderTask1	24	static
../Core/Src/main.c:83:6:vSenderTask2	24	static
../Core/Src/main.c:98:6:vReceiverTask	24	static
../Core/Src/main.c:114:6:uart2_write	16	static
../Core/Src/main.c:122:5:__io_putchar	16	static
../Core/Src/main.c:131:6:SystemClock_Config	88	static
../Core/Src/main.c:179:13:MX_USART2_UART_Init	8	static
../Core/Src/main.c:202:13:MX_GPIO_Init	48	static
../Core/Src/main.c:254:6:HAL_TIM_PeriodElapsedCallback	16	static
../Core/Src/main.c:271:6:Error_Handler	4	static,ignoring_inline_asm
