../Core/Src/main.c:29:5:main	16	static
../Core/Src/main.c:51:6:redLedControllerTask	16	static
../Core/Src/main.c:68:6:blueLedControllerTask	16	static
../Core/Src/main.c:84:6:yellowLedControllerTask	16	static
../Core/Src/main.c:101:6:uart2_write	16	static
../Core/Src/main.c:109:5:__io_putchar	16	static
../Core/Src/main.c:118:6:SystemClock_Config	88	static
../Core/Src/main.c:166:13:MX_USART2_UART_Init	8	static
../Core/Src/main.c:189:13:MX_GPIO_Init	48	static
../Core/Src/main.c:241:6:HAL_TIM_PeriodElapsedCallback	16	static
../Core/Src/main.c:258:6:Error_Handler	4	static,ignoring_inline_asm
