../Core/Src/main.c:23:5:main	16	static
../Core/Src/main.c:66:6:SenderTask1	24	static
../Core/Src/main.c:77:6:SenderTask2	24	static
../Core/Src/main.c:89:6:ReceiverTask	24	static
../Core/Src/main.c:100:6:uart2_write	16	static
../Core/Src/main.c:108:5:__io_putchar	16	static
../Core/Src/main.c:117:6:SystemClock_Config	88	static
../Core/Src/main.c:165:13:MX_USART2_UART_Init	8	static
../Core/Src/main.c:188:13:MX_GPIO_Init	48	static
../Core/Src/main.c:240:6:HAL_TIM_PeriodElapsedCallback	16	static
../Core/Src/main.c:257:6:Error_Handler	4	static,ignoring_inline_asm
