../Core/Src/main.c:42:5:main	16	static
../Core/Src/main.c:87:6:SenderTask	32	static
../Core/Src/main.c:107:6:ReceiverTask	24	static
../Core/Src/main.c:131:6:uart2_write	16	static
../Core/Src/main.c:139:5:__io_putchar	16	static
../Core/Src/main.c:148:6:SystemClock_Config	88	static
../Core/Src/main.c:196:13:MX_USART2_UART_Init	8	static
../Core/Src/main.c:219:13:MX_GPIO_Init	48	static
../Core/Src/main.c:271:6:HAL_TIM_PeriodElapsedCallback	16	static
../Core/Src/main.c:288:6:Error_Handler	4	static,ignoring_inline_asm
