../Core/Src/main.c:23:5:main	16	static
../Core/Src/main.c:66:6:vBlueLedController	24	static
../Core/Src/main.c:77:6:vRedLedController	16	static
../Core/Src/main.c:85:6:vGreenLedController	16	static
../Core/Src/main.c:94:5:__io_putchar	16	static
../Core/Src/main.c:100:6:SystemClock_Config	88	static
../Core/Src/main.c:148:13:MX_USART2_UART_Init	8	static
../Core/Src/main.c:171:13:MX_GPIO_Init	48	static
../Core/Src/main.c:223:6:HAL_TIM_PeriodElapsedCallback	16	static
../Core/Src/main.c:240:6:Error_Handler	4	static,ignoring_inline_asm
