../Core/Src/main.c:25:5:main	16	static
../Core/Src/main.c:68:6:vBlueLedController	16	static
../Core/Src/main.c:82:6:vRedLedController	16	static
../Core/Src/main.c:91:6:vGreenLedController	16	static
../Core/Src/main.c:100:5:__io_putchar	16	static
../Core/Src/main.c:106:6:SystemClock_Config	88	static
../Core/Src/main.c:154:13:MX_USART2_UART_Init	8	static
../Core/Src/main.c:177:13:MX_GPIO_Init	48	static
../Core/Src/main.c:229:6:HAL_TIM_PeriodElapsedCallback	16	static
../Core/Src/main.c:246:6:Error_Handler	4	static,ignoring_inline_asm
