../Core/Src/main.c:27:5:main	16	static
../Core/Src/main.c:67:6:vBlueLedController	24	static
../Core/Src/main.c:77:6:vRedLedController	24	static
../Core/Src/main.c:95:6:vGreenLedController	24	static
../Core/Src/main.c:117:5:__io_putchar	16	static
../Core/Src/main.c:123:6:SystemClock_Config	88	static
../Core/Src/main.c:171:13:MX_USART2_UART_Init	8	static
../Core/Src/main.c:194:13:MX_GPIO_Init	48	static
../Core/Src/main.c:246:6:HAL_TIM_PeriodElapsedCallback	16	static
../Core/Src/main.c:263:6:Error_Handler	4	static,ignoring_inline_asm
