../Core/Src/main.c:28:5:main	16	static
../Core/Src/main.c:75:6:vBlueLedController	16	static
../Core/Src/main.c:84:6:vRedLedController	16	static
../Core/Src/main.c:93:6:vGreenLedController	16	static
../Core/Src/main.c:102:6:vOrangeLedController	16	static
../Core/Src/main.c:112:5:__io_putchar	16	static
../Core/Src/main.c:118:6:SystemClock_Config	88	static
../Core/Src/main.c:166:13:MX_USART2_UART_Init	8	static
../Core/Src/main.c:189:13:MX_GPIO_Init	40	static
../Core/Src/main.c:232:6:HAL_TIM_PeriodElapsedCallback	16	static
../Core/Src/main.c:249:6:Error_Handler	4	static,ignoring_inline_asm
